http_interactions:
- request:
    method: POST
    uri: http://formr-host-redacted/v1/runs/test-run/sessions
    body:
      string: '{"testing":1}'
  response:
    status: 201
    headers:
      date: Mon, 02 Feb 2026 18:05:26 GMT
      server: Apache/2.4.65 (Debian)
      x-powered-by: PHP/8.2.2
      expires: Thu, 19 Nov 1981 08:52:00 GMT
      cache-control: no-store, no-cache, must-revalidate
      pragma: no-cache
      vary: Accept-Encoding
      content-encoding: gzip
      access-control-allow-origin: ocpu.rforms.org
      content-length: '119'
      connection: close
      content-type: application/json
    body:
      string: '{"count_created":1,"sessions":["jGGHbs3dqlOTLdwwXNwCmakzOq2UUpGSAV3l1HhpfKU-nM1_cxZnLbRRRySP646A"]}'
  recorded_at: 2026-02-02 18:05:26
- request:
    method: POST
    uri: http://formr-host-redacted/v1/runs/test-run/sessions/jGGHbs3dqlOTLdwwXNwCmakzOq2UUpGSAV3l1HhpfKU-nM1_cxZnLbRRRySP646A/actions
    body:
      string: '{"action":"move_to_position","position":10}'
  response:
    status: 200
    headers:
      date: Mon, 02 Feb 2026 18:05:26 GMT
      server: Apache/2.4.65 (Debian)
      x-powered-by: PHP/8.2.2
      expires: Thu, 19 Nov 1981 08:52:00 GMT
      cache-control: no-store, no-cache, must-revalidate
      pragma: no-cache
      access-control-allow-origin: ocpu.rforms.org
      content-length: '2'
      connection: close
      content-type: application/json
    body:
      string: '[]'
  recorded_at: 2026-02-02 18:05:26
- request:
    method: GET
    uri: http://formr-host-redacted/v1/runs/test-run/sessions/jGGHbs3dqlOTLdwwXNwCmakzOq2UUpGSAV3l1HhpfKU-nM1_cxZnLbRRRySP646A
  response:
    status: 200
    headers:
      date: Mon, 02 Feb 2026 18:05:26 GMT
      server: Apache/2.4.65 (Debian)
      x-powered-by: PHP/8.2.2
      expires: Thu, 19 Nov 1981 08:52:00 GMT
      cache-control: no-store, no-cache, must-revalidate
      pragma: no-cache
      vary: Accept-Encoding
      content-encoding: gzip
      access-control-allow-origin: ocpu.rforms.org
      content-length: '264'
      connection: close
      content-type: application/json
    body:
      string: '{"id":926,"session":"jGGHbs3dqlOTLdwwXNwCmakzOq2UUpGSAV3l1HhpfKU-nM1_cxZnLbRRRySP646A","run_id":264,"user_id":0,"position":10,"current_unit_session_id":490,"created":"2026-02-02
        19:05:26","last_access":null,"ended":null,"deactivated":false,"no_email":false,"testing":true,"current_unit":{"id":2796,"type":"Pause","description":null,"session_id":490}}'
  recorded_at: 2026-02-02 18:05:26
recorded_with: VCR-vcr/2.1.0
